$ node scripts/prebuild-images.mjs && astro build && node scripts/postbuild.js && node scripts/audit-schema-strict.mjs && node scripts/check-unicode.mjs
[prebuild-images] no JPG/JPEG/PNG inputs under public/ 鈥?nothing to do.
[2m20:36:53[22m [34m[astrowind][39m Astrowind `./src/config.yaml` has been loaded.
[2m20:36:55[22m [34m[content][39m Syncing content
[2m20:36:55[22m [34m[content][39m Synced content
[2m20:36:55[22m [34m[types][39m Generated [2m1.20s[22m
[2m20:36:55[22m [34m[build][39m output: [34m"static"[39m
[2m20:36:55[22m [34m[build][39m mode: [34m"static"[39m
[2m20:36:55[22m [34m[build][39m directory: [34mC:\Users\User\Desktop\machineknives\dist\[39m
[2m20:36:55[22m [34m[build][39m Collecting build info...
[2m20:36:55[22m [34m[build][39m [32m鉁?Completed in 1.44s.[39m
[2m20:36:55[22m [34m[build][39m Building static entrypoints...
[33m[1m20:36:58[22m [WARN] [astro-icon][39m Failed to load icons from "src/icons": ENOENT: no such file or directory, scandir 'C:\Users\User\Desktop\machineknives\src\icons\'
[2m20:36:58[22m [34m[assets][39m Copying fonts (1 file)...
[2m20:36:59[22m [34m[vite][39m [32m鉁?built in 3.85s[39m
[2m20:36:59[22m [34m[vite][39m [32m鉁?built in 470ms[39m
[2m20:36:59[22m [34m[build][39m Rearranging server assets...

[42m[30m generating static routes [39m[49m
[2m20:37:00[22m   [34m鈹溾攢[39m [2m/404.html[22m [2m(+40ms)[22m 
[2m20:37:00[22m   [34m鈹溾攢[39m [2m/about/index.html[22m [2m(+64ms)[22m 
[2m20:37:00[22m   [34m鈹溾攢[39m [2m/admin/images/index.html[22m [2m(+23ms)[22m 
[2m20:37:00[22m   [34m鈹溾攢[39m [2m/blog/topics/index.html[22m [2m(+40ms)[22m 
[2m20:37:00[22m   [34m鈹溾攢[39m [2m/contact/index.html[22m [2m(+19ms)[22m 
[2m20:37:00[22m   [34m鈹溾攢[39m [2m/industries/converting/index.html[22m [2m(+18ms)[22m 
[2m20:37:00[22m   [34m鈹溾攢[39m [2m/industries/food-processing/index.html[22m [2m(+17ms)[22m 
[2m20:37:00[22m   [34m鈹溾攢[39m [2m/industries/metalworking/index.html[22m [2m(+18ms)[22m 
[2m20:37:00[22m   [34m鈹溾攢[39m [2m/industries/paper-tissue/index.html[22m [2m(+18ms)[22m 
[2m20:37:00[22m   [34m鈹溾攢[39m [2m/industries/plastics-recycling/index.html[22m [2m(+14ms)[22m 
[2m20:37:00[22m   [34m鈹溾攢[39m [2m/industries/printing-packaging/index.html[22m [2m(+11ms)[22m 
[2m20:37:00[22m   [34m鈹溾攢[39m [2m/industries/index.html[22m [2m(+22ms)[22m 
[2m20:37:00[22m   [34m鈹溾攢[39m [2m/privacy/index.html[22m [2m(+10ms)[22m 
[2m20:37:00[22m   [34m鈹溾攢[39m [2m/products/index.html[22m [2m(+17ms)[22m 
[2m20:37:00[22m   [34m鈹溾攢[39m [2m/products/straight/index.html[22m [2m(+10ms)[22m 
[2m20:37:00[22m   [34m鈹溾攢[39m [2m/products/circular/index.html[22m [2m(+7ms)[22m 
[2m20:37:00[22m   [34m鈹溾攢[39m [2m/products/custom/index.html[22m [2m(+9ms)[22m 
[2m20:37:00[22m   [34m鈹溾攢[39m [2m/products/granulator/index.html[22m [2m(+11ms)[22m 
[2m20:37:00[22m   [34m鈹溾攢[39m [2m/products/serrated/index.html[22m [2m(+13ms)[22m 
[2m20:37:00[22m   [34m鈹溾攢[39m [2m/products/shear/index.html[22m [2m(+11ms)[22m 
[2m20:37:00[22m   [34m鈹溾攢[39m [2m/products/straight/bed-knife-tissue/index.html[22m [2m(+10ms)[22m 
[2m20:37:00[22m   [34m鈹溾攢[39m [2m/products/circular/circular-blade-slitting-250mm/index.html[22m [2m(+18ms)[22m 
[2m20:37:00[22m   [34m鈹溾攢[39m [2m/products/custom/custom-blade-reverse-engineered/index.html[22m [2m(+11ms)[22m 
[2m20:37:00[22m   [34m鈹溾攢[39m [2m/products/granulator/granulator-rotor-knife-200x40/index.html[22m [2m(+10ms)[22m 
[2m20:37:00[22m   [34m鈹溾攢[39m [2m/products/serrated/serrated-blade-teeth-per-inch/index.html[22m [2m(+10ms)[22m 
[2m20:37:00[22m   [34m鈹溾攢[39m [2m/products/shear/shear-blade-guillotine-300x60/index.html[22m [2m(+13ms)[22m 
[2m20:37:00[22m   [34m鈹溾攢[39m [2m/products/circular/slitter-blade/index.html[22m [2m(+11ms)[22m 
[2m20:37:00[22m   [34m鈹溾攢[39m [2m/products/straight/straight-blade-converting-300x80/index.html[22m [2m(+9ms)[22m 
[2m20:37:00[22m   [34m鈹溾攢[39m [2m/quality/index.html[22m [2m(+19ms)[22m 
[2m20:37:00[22m   [34m鈹溾攢[39m [2m/rss.xml[22m [2m(+166ms)[22m 
[2m20:37:01[22m   [34m鈹溾攢[39m [2m/services/index.html[22m [2m(+31ms)[22m 
[2m20:37:01[22m   [34m鈹溾攢[39m [2m/solutions/index.html[22m [2m(+17ms)[22m 
[2m20:37:01[22m   [34m鈹溾攢[39m [2m/terms/index.html[22m [2m(+14ms)[22m 
[2m20:37:01[22m   [34m鈹溾攢[39m [2m/category/materials-encyclopedia/index.html[22m [2m(+14ms)[22m 
[2m20:37:01[22m   [34m鈹溾攢[39m [2m/category/materials-encyclopedia/2/index.html[22m [2m(+15ms)[22m 
[2m20:37:01[22m   [34m鈹溾攢[39m [2m/category/materials-encyclopedia/3/index.html[22m [2m(+29ms)[22m 
[2m20:37:01[22m   [34m鈹溾攢[39m [2m/category/materials-encyclopedia/4/index.html[22m [2m(+15ms)[22m 
[2m20:37:01[22m   [34m鈹溾攢[39m [2m/category/materials-encyclopedia/5/index.html[22m [2m(+21ms)[22m 
[2m20:37:01[22m   [34m鈹溾攢[39m [2m/category/materials-encyclopedia/6/index.html[22m [2m(+11ms)[22m 
[2m20:37:01[22m   [34m鈹溾攢[39m [2m/category/material-comparison/index.html[22m [2m(+13ms)[22m 
[2m20:37:01[22m   [34m鈹溾攢[39m [2m/category/case-studies/index.html[22m [2m(+9ms)[22m 
[2m20:37:01[22m   [34m鈹溾攢[39m [2m/category/coatings-comparison/index.html[22m [2m(+11ms)[22m 
[2m20:37:01[22m   [34m鈹溾攢[39m [2m/category/glossary/index.html[22m [2m(+10ms)[22m 
[2m20:37:01[22m   [34m鈹溾攢[39m [2m/category/glossary/2/index.html[22m [2m(+7ms)[22m 
[2m20:37:01[22m   [34m鈹溾攢[39m [2m/category/glossary/3/index.html[22m [2m(+17ms)[22m 
[2m20:37:01[22m   [34m鈹溾攢[39m [2m/category/glossary/4/index.html[22m [2m(+15ms)[22m 
[2m20:37:01[22m   [34m鈹溾攢[39m [2m/category/glossary/5/index.html[22m [2m(+14ms)[22m 
[2m20:37:01[22m   [34m鈹溾攢[39m [2m/category/glossary/6/index.html[22m [2m(+18ms)[22m 
[2m20:37:01[22m   [34m鈹溾攢[39m [2m/category/glossary/7/index.html[22m [2m(+14ms)[22m 
[2m20:37:01[22m   [34m鈹溾攢[39m [2m/category/glossary/8/index.html[22m [2m(+12ms)[22m 
[2m20:37:01[22m   [34m鈹溾攢[39m [2m/category/maintenance/index.html[22m [2m(+9ms)[22m 
[2m20:37:01[22m   [34m鈹溾攢[39m [2m/category/material-grade-converter/index.html[22m [2m(+22ms)[22m 
[2m20:37:01[22m   [34m鈹溾攢[39m [2m/category/selection-guide/index.html[22m [2m(+22ms)[22m 
[2m20:37:01[22m   [34m鈹溾攢[39m [2m/category/selection-guide/2/index.html[22m [2m(+20ms)[22m 
[2m20:37:01[22m   [34m鈹溾攢[39m [2m/category/troubleshooting/index.html[22m [2m(+13ms)[22m 
[2m20:37:01[22m   [34m鈹溾攢[39m [2m/category/engineering/index.html[22m [2m(+15ms)[22m 
[2m20:37:01[22m   [34m鈹溾攢[39m [2m/tag/420/index.html[22m [2m(+12ms)[22m 
[2m20:37:01[22m   [34m鈹溾攢[39m [2m/tag/17-4ph/index.html[22m [2m(+19ms)[22m 
[2m20:37:01[22m   [34m鈹溾攢[39m [2m/tag/cold-work-tool-steel/index.html[22m [2m(+16ms)[22m 
[2m20:37:01[22m   [34m鈹溾攢[39m [2m/tag/cold-work-tool-steel/2/index.html[22m [2m(+12ms)[22m 
[2m20:37:01[22m   [34m鈹溾攢[39m [2m/tag/cold-work-tool-steel/3/index.html[22m [2m(+26ms)[22m 
[2m20:37:01[22m   [34m鈹溾攢[39m [2m/tag/cold-work-tool-steel/4/index.html[22m [2m(+35ms)[22m 
[2m20:37:01[22m   [34m鈹溾攢[39m [2m/tag/cold-work-tool-steel/5/index.html[22m [2m(+36ms)[22m 
[2m20:37:01[22m   [34m鈹溾攢[39m [2m/tag/tool-steel/index.html[22m [2m(+22ms)[22m 
[2m20:37:01[22m   [34m鈹溾攢[39m [2m/tag/tool-steel/2/index.html[22m [2m(+29ms)[22m 
[2m20:37:01[22m   [34m鈹溾攢[39m [2m/tag/tool-steel/3/index.html[22m [2m(+9ms)[22m 
[2m20:37:01[22m   [34m鈹溾攢[39m [2m/tag/tool-steel/4/index.html[22m [2m(+9ms)[22m 
[2m20:37:01[22m   [34m鈹溾攢[39m [2m/tag/tool-steel/5/index.html[22m [2m(+28ms)[22m 
[2m20:37:01[22m   [34m鈹溾攢[39m [2m/tag/industrial-knife/index.html[22m [2m(+16ms)[22m 
[2m20:37:01[22m   [34m鈹溾攢[39m [2m/tag/industrial-knife/2/index.html[22m [2m(+11ms)[22m 
[2m20:37:01[22m   [34m鈹溾攢[39m [2m/tag/industrial-knife/3/index.html[22m [2m(+11ms)[22m 
[2m20:37:01[22m   [34m鈹溾攢[39m [2m/tag/industrial-knife/4/index.html[22m [2m(+9ms)[22m 
[2m20:37:01[22m   [34m鈹溾攢[39m [2m/tag/industrial-knife/5/index.html[22m [2m(+9ms)[22m 
[2m20:37:01[22m   [34m鈹溾攢[39m [2m/tag/440a/index.html[22m [2m(+17ms)[22m 
[2m20:37:01[22m   [34m鈹溾攢[39m [2m/tag/440b/index.html[22m [2m(+8ms)[22m 
[2m20:37:01[22m   [34m鈹溾攢[39m [2m/tag/6crw2si/index.html[22m [2m(+15ms)[22m 
[2m20:37:01[22m   [34m鈹溾攢[39m [2m/tag/9cr18mov/index.html[22m [2m(+8ms)[22m 
[2m20:37:01[22m   [34m鈹溾攢[39m [2m/tag/440c/index.html[22m [2m(+10ms)[22m 
[2m20:37:01[22m   [34m鈹溾攢[39m [2m/tag/x90crmov18/index.html[22m [2m(+11ms)[22m 
[2m20:37:01[22m   [34m鈹溾攢[39m [2m/tag/1-4112/index.html[22m [2m(+8ms)[22m 
[2m20:37:01[22m   [34m鈹溾攢[39m [2m/tag/stainless-steel-blade/index.html[22m [2m(+17ms)[22m 
[2m20:37:01[22m   [34m鈹溾攢[39m [2m/tag/corrosion-resistant-knife/index.html[22m [2m(+9ms)[22m 
[2m20:37:01[22m   [34m鈹溾攢[39m [2m/tag/food-processing-blade/index.html[22m [2m(+9ms)[22m 
[2m20:37:02[22m   [34m鈹溾攢[39m [2m/tag/medical-blade/index.html[22m [2m(+9ms)[22m 
[2m20:37:02[22m   [34m鈹溾攢[39m [2m/tag/a2/index.html[22m [2m(+8ms)[22m 
[2m20:37:02[22m   [34m鈹溾攢[39m [2m/tag/a6/index.html[22m [2m(+9ms)[22m 
[2m20:37:02[22m   [34m鈹溾攢[39m [2m/tag/a8/index.html[22m [2m(+9ms)[22m 
[2m20:37:02[22m   [34m鈹溾攢[39m [2m/tag/asp-2060/index.html[22m [2m(+17ms)[22m 
[2m20:37:02[22m   [34m鈹溾攢[39m [2m/tag/case-study/index.html[22m [2m(+17ms)[22m 
[2m20:37:02[22m   [34m鈹溾攢[39m [2m/tag/aluminium-foil/index.html[22m [2m(+9ms)[22m 
[2m20:37:02[22m   [34m鈹溾攢[39m [2m/tag/slitter/index.html[22m [2m(+11ms)[22m 
[2m20:37:02[22m   [34m鈹溾攢[39m [2m/tag/ta-c/index.html[22m [2m(+7ms)[22m 
[2m20:37:02[22m   [34m鈹溾攢[39m [2m/tag/dlc/index.html[22m [2m(+16ms)[22m 
[2m20:37:02[22m   [34m鈹溾攢[39m [2m/tag/welding/index.html[22m [2m(+10ms)[22m 
[2m20:37:02[22m   [34m鈹溾攢[39m [2m/tag/vietnam/index.html[22m [2m(+20ms)[22m 
[2m20:37:02[22m   [34m鈹溾攢[39m [2m/tag/m2-hss/index.html[22m [2m(+10ms)[22m 
[2m20:37:02[22m   [34m鈹溾攢[39m [2m/tag/m2-hss/2/index.html[22m [2m(+22ms)[22m 
[2m20:37:02[22m   [34m鈹溾攢[39m [2m/tag/circular-blade/index.html[22m [2m(+16ms)[22m 
[2m20:37:02[22m   [34m鈹溾攢[39m [2m/tag/bopp-film/index.html[22m [2m(+28ms)[22m 
[2m20:37:02[22m   [34m鈹溾攢[39m [2m/tag/high-precision-cutting/index.html[22m [2m(+28ms)[22m 
[2m20:37:02[22m   [34m鈹溾攢[39m [2m/tag/thin-film/index.html[22m [2m(+26ms)[22m 
[2m20:37:02[22m   [34m鈹溾攢[39m [2m/tag/poland/index.html[22m [2m(+18ms)[22m 
[2m20:37:02[22m   [34m鈹溾攢[39m [2m/tag/d2-tool-steel/index.html[22m [2m(+11ms)[22m 
[2m20:37:02[22m   [34m鈹溾攢[39m [2m/tag/m2-high-speed-steel/index.html[22m [2m(+20ms)[22m 
[2m20:37:02[22m   [34m鈹溾攢[39m [2m/tag/granulator/index.html[22m [2m(+20ms)[22m 
[2m20:37:02[22m   [34m鈹溾攢[39m [2m/tag/rotor-knife/index.html[22m [2m(+18ms)[22m 
[2m20:37:02[22m   [34m鈹溾攢[39m [2m/tag/bed-knife/index.html[22m [2m(+10ms)[22m 
[2m20:37:02[22m   [34m鈹溾攢[39m [2m/tag/automotive-recycling/index.html[22m [2m(+16ms)[22m 
[2m20:37:02[22m   [34m鈹溾攢[39m [2m/tag/yg15/index.html[22m [2m(+12ms)[22m 
[2m20:37:02[22m   [34m鈹溾攢[39m [2m/tag/yg10x/index.html[22m [2m(+16ms)[22m 
[2m20:37:02[22m   [34m鈹溾攢[39m [2m/tag/germany/index.html[22m [2m(+12ms)[22m 
[2m20:37:02[22m   [34m鈹溾攢[39m [2m/tag/pharmaceutical/index.html[22m [2m(+16ms)[22m 
[2m20:37:02[22m   [34m鈹溾攢[39m [2m/tag/stainless-foil/index.html[22m [2m(+18ms)[22m 
[2m20:37:02[22m   [34m鈹溾攢[39m [2m/tag/304-stainless/index.html[22m [2m(+22ms)[22m 
[2m20:37:02[22m   [34m鈹溾攢[39m [2m/tag/slitter-blade/index.html[22m [2m(+14ms)[22m 
[2m20:37:02[22m   [34m鈹溾攢[39m [2m/tag/india/index.html[22m [2m(+11ms)[22m 
[2m20:37:02[22m   [34m鈹溾攢[39m [2m/tag/fda/index.html[22m [2m(+11ms)[22m 
[2m20:37:02[22m   [34m鈹溾攢[39m [2m/tag/shear-blade/index.html[22m [2m(+11ms)[22m 
[2m20:37:02[22m   [34m鈹溾攢[39m [2m/tag/stainless-steel/index.html[22m [2m(+12ms)[22m 
[2m20:37:02[22m   [34m鈹溾攢[39m [2m/tag/turkey/index.html[22m [2m(+10ms)[22m 
[2m20:37:02[22m   [34m鈹溾攢[39m [2m/tag/service-centre/index.html[22m [2m(+10ms)[22m 
[2m20:37:02[22m   [34m鈹溾攢[39m [2m/tag/tin-coating/index.html[22m [2m(+9ms)[22m 
[2m20:37:02[22m   [34m鈹溾攢[39m [2m/tag/non-woven/index.html[22m [2m(+8ms)[22m 
[2m20:37:02[22m   [34m鈹溾攢[39m [2m/tag/spunbond/index.html[22m [2m(+12ms)[22m 
[2m20:37:02[22m   [34m鈹溾攢[39m [2m/tag/textile-slitter/index.html[22m [2m(+12ms)[22m 
[2m20:37:02[22m   [34m鈹溾攢[39m [2m/tag/ticn-coating/index.html[22m [2m(+10ms)[22m 
[2m20:37:02[22m   [34m鈹溾攢[39m [2m/tag/hygiene/index.html[22m [2m(+17ms)[22m 
[2m20:37:02[22m   [34m鈹溾攢[39m [2m/tag/pvd-coating/index.html[22m [2m(+25ms)[22m 
[2m20:37:02[22m   [34m鈹溾攢[39m [2m/tag/tin/index.html[22m [2m(+10ms)[22m 
[2m20:37:02[22m   [34m鈹溾攢[39m [2m/tag/ticn/index.html[22m [2m(+27ms)[22m 
[2m20:37:02[22m   [34m鈹溾攢[39m [2m/tag/crn/index.html[22m [2m(+37ms)[22m 
[2m20:37:02[22m   [34m鈹溾攢[39m [2m/tag/alcrn/index.html[22m [2m(+10ms)[22m 
[2m20:37:02[22m   [34m鈹溾攢[39m [2m/tag/tialn/index.html[22m [2m(+14ms)[22m 
[2m20:37:02[22m   [34m鈹溾攢[39m [2m/tag/craln/index.html[22m [2m(+9ms)[22m 
[2m20:37:02[22m   [34m鈹溾攢[39m [2m/tag/blade-coating/index.html[22m [2m(+18ms)[22m 
[2m20:37:02[22m   [34m鈹溾攢[39m [2m/tag/industrial-knives/index.html[22m [2m(+11ms)[22m 
[2m20:37:02[22m   [34m鈹溾攢[39m [2m/tag/skd11/index.html[22m [2m(+12ms)[22m 
[2m20:37:02[22m   [34m鈹溾攢[39m [2m/tag/dc53/index.html[22m [2m(+12ms)[22m 
[2m20:37:02[22m   [34m鈹溾攢[39m [2m/tag/1-2379/index.html[22m [2m(+11ms)[22m 
[2m20:37:02[22m   [34m鈹溾攢[39m [2m/tag/cr12mo1v1/index.html[22m [2m(+38ms)[22m 
[2m20:37:02[22m   [34m鈹溾攢[39m [2m/tag/d3/index.html[22m [2m(+9ms)[22m 
[2m20:37:02[22m   [34m鈹溾攢[39m [2m/tag/d4/index.html[22m [2m(+10ms)[22m 
[2m20:37:02[22m   [34m鈹溾攢[39m [2m/tag/d5/index.html[22m [2m(+12ms)[22m 
[2m20:37:02[22m   [34m鈹溾攢[39m [2m/tag/d7/index.html[22m [2m(+9ms)[22m 
[2m20:37:02[22m   [34m鈹溾攢[39m [2m/tag/abrasive-wear/index.html[22m [2m(+16ms)[22m 
[2m20:37:02[22m   [34m鈹溾攢[39m [2m/tag/adhesive-wear/index.html[22m [2m(+8ms)[22m 
[2m20:37:02[22m   [34m鈹溾攢[39m [2m/tag/alcrn-coating/index.html[22m [2m(+18ms)[22m 
[2m20:37:02[22m   [34m鈹溾攢[39m [2m/tag/built-up-edge/index.html[22m [2m(+21ms)[22m 
[2m20:37:02[22m   [34m鈹溾攢[39m [2m/tag/burr/index.html[22m [2m(+12ms)[22m 
[2m20:37:02[22m   [34m鈹溾攢[39m [2m/tag/edge-quality/index.html[22m [2m(+34ms)[22m 
[2m20:37:03[22m   [34m鈹溾攢[39m [2m/tag/chipping/index.html[22m [2m(+15ms)[22m 
[2m20:37:03[22m   [34m鈹溾攢[39m [2m/tag/edge-failure/index.html[22m [2m(+52ms)[22m 
[2m20:37:03[22m   [34m鈹溾攢[39m [2m/tag/blade-toughness/index.html[22m [2m(+11ms)[22m 
[2m20:37:03[22m   [34m鈹溾攢[39m [2m/tag/impact-load/index.html[22m [2m(+16ms)[22m 
[2m20:37:03[22m   [34m鈹溾攢[39m [2m/tag/clearance-angle/index.html[22m [2m(+11ms)[22m 
[2m20:37:03[22m   [34m鈹溾攢[39m [2m/tag/relief-angle/index.html[22m [2m(+11ms)[22m 
[2m20:37:03[22m   [34m鈹溾攢[39m [2m/tag/blade-geometry/index.html[22m [2m(+14ms)[22m 
[2m20:37:03[22m   [34m鈹溾攢[39m [2m/tag/edge-prep/index.html[22m [2m(+12ms)[22m 
[2m20:37:03[22m   [34m鈹溾攢[39m [2m/tag/crn-coating/index.html[22m [2m(+11ms)[22m 
[2m20:37:03[22m   [34m鈹溾攢[39m [2m/tag/dead-zone/index.html[22m [2m(+18ms)[22m 
[2m20:37:03[22m   [34m鈹溾攢[39m [2m/tag/dlc-coating/index.html[22m [2m(+12ms)[22m 
[2m20:37:03[22m   [34m鈹溾攢[39m [2m/tag/dressing/index.html[22m [2m(+17ms)[22m 
[2m20:37:03[22m   [34m鈹溾攢[39m [2m/tag/edge-rollover/index.html[22m [2m(+36ms)[22m 
[2m20:37:03[22m   [34m鈹溾攢[39m [2m/tag/fatigue-wear/index.html[22m [2m(+12ms)[22m 
[2m20:37:03[22m   [34m鈹溾攢[39m [2m/tag/flatness/index.html[22m [2m(+14ms)[22m 
[2m20:37:03[22m   [34m鈹溾攢[39m [2m/tag/galling/index.html[22m [2m(+12ms)[22m 
[2m20:37:03[22m   [34m鈹溾攢[39m [2m/tag/grit-size/index.html[22m [2m(+13ms)[22m 
[2m20:37:03[22m   [34m鈹溾攢[39m [2m/tag/gross-fracture/index.html[22m [2m(+11ms)[22m 
[2m20:37:03[22m   [34m鈹溾攢[39m [2m/tag/hardness-file-test/index.html[22m [2m(+11ms)[22m 
[2m20:37:03[22m   [34m鈹溾攢[39m [2m/tag/hone/index.html[22m [2m(+13ms)[22m 
[2m20:37:03[22m   [34m鈹溾攢[39m [2m/tag/micro-hone/index.html[22m [2m(+12ms)[22m 
[2m20:37:03[22m   [34m鈹溾攢[39m [2m/tag/edge-radius/index.html[22m [2m(+16ms)[22m 
[2m20:37:03[22m   [34m鈹溾攢[39m [2m/tag/infeed/index.html[22m [2m(+9ms)[22m 
[2m20:37:03[22m   [34m鈹溾攢[39m [2m/tag/kerf/index.html[22m [2m(+18ms)[22m 
[2m20:37:03[22m   [34m鈹溾攢[39m [2m/tag/cut-width/index.html[22m [2m(+15ms)[22m 
[2m20:37:03[22m   [34m鈹溾攢[39m [2m/tag/slitter-set-up/index.html[22m [2m(+10ms)[22m 
[2m20:37:03[22m   [34m鈹溾攢[39m [2m/tag/material-yield/index.html[22m [2m(+30ms)[22m 
[2m20:37:03[22m   [34m鈹溾攢[39m [2m/tag/kerf-clearance/index.html[22m [2m(+8ms)[22m 
[2m20:37:03[22m   [34m鈹溾攢[39m [2m/tag/land/index.html[22m [2m(+9ms)[22m 
[2m20:37:03[22m   [34m鈹溾攢[39m [2m/tag/lip-angle/index.html[22m [2m(+9ms)[22m 
[2m20:37:03[22m   [34m鈹溾攢[39m [2m/tag/micro-chipping/index.html[22m [2m(+19ms)[22m 
[2m20:37:03[22m   [34m鈹溾攢[39m [2m/tag/nose-radius/index.html[22m [2m(+9ms)[22m 
[2m20:37:03[22m   [34m鈹溾攢[39m [2m/tag/parallelism/index.html[22m [2m(+10ms)[22m 
[2m20:37:03[22m   [34m鈹溾攢[39m [2m/tag/point-angle/index.html[22m [2m(+10ms)[22m 
[2m20:37:03[22m   [34m鈹溾攢[39m [2m/tag/primary-bevel/index.html[22m [2m(+16ms)[22m 
[2m20:37:03[22m   [34m鈹溾攢[39m [2m/tag/rake-angle/index.html[22m [2m(+9ms)[22m 
[2m20:37:03[22m   [34m鈹溾攢[39m [2m/tag/relief/index.html[22m [2m(+17ms)[22m 
[2m20:37:03[22m   [34m鈹溾攢[39m [2m/tag/runout/index.html[22m [2m(+11ms)[22m 
[2m20:37:03[22m   [34m鈹溾攢[39m [2m/tag/secondary-bevel/index.html[22m [2m(+12ms)[22m 
[2m20:37:03[22m   [34m鈹溾攢[39m [2m/tag/side-clearance/index.html[22m [2m(+9ms)[22m 
[2m20:37:03[22m   [34m鈹溾攢[39m [2m/tag/spark-out/index.html[22m [2m(+13ms)[22m 
[2m20:37:03[22m   [34m鈹溾攢[39m [2m/tag/surface-roughness/index.html[22m [2m(+7ms)[22m 
[2m20:37:03[22m   [34m鈹溾攢[39m [2m/tag/swarf/index.html[22m [2m(+14ms)[22m 
[2m20:37:03[22m   [34m鈹溾攢[39m [2m/tag/ta-c-coating/index.html[22m [2m(+8ms)[22m 
[2m20:37:03[22m   [34m鈹溾攢[39m [2m/tag/thermal-fatigue/index.html[22m [2m(+12ms)[22m 
[2m20:37:03[22m   [34m鈹溾攢[39m [2m/tag/tialn-coating/index.html[22m [2m(+7ms)[22m 
[2m20:37:03[22m   [34m鈹溾攢[39m [2m/tag/wedge-angle/index.html[22m [2m(+11ms)[22m 
[2m20:37:03[22m   [34m鈹溾攢[39m [2m/tag/wire-edge/index.html[22m [2m(+14ms)[22m 
[2m20:37:03[22m   [34m鈹溾攢[39m [2m/tag/h11/index.html[22m [2m(+22ms)[22m 
[2m20:37:03[22m   [34m鈹溾攢[39m [2m/tag/h13/index.html[22m [2m(+16ms)[22m 
[2m20:37:03[22m   [34m鈹溾攢[39m [2m/tag/hss/index.html[22m [2m(+8ms)[22m 
[2m20:37:03[22m   [34m鈹溾攢[39m [2m/tag/tungsten-carbide/index.html[22m [2m(+10ms)[22m 
[2m20:37:03[22m   [34m鈹溾攢[39m [2m/tag/m4-high-speed-steel/index.html[22m [2m(+10ms)[22m 
[2m20:37:03[22m   [34m鈹溾攢[39m [2m/tag/yg6x/index.html[22m [2m(+9ms)[22m 
[2m20:37:03[22m   [34m鈹溾攢[39m [2m/tag/blade-material-selection/index.html[22m [2m(+11ms)[22m 
[2m20:37:03[22m   [34m鈹溾攢[39m [2m/tag/m1/index.html[22m [2m(+9ms)[22m 
[2m20:37:03[22m   [34m鈹溾攢[39m [2m/tag/1-3343/index.html[22m [2m(+9ms)[22m 
[2m20:37:03[22m   [34m鈹溾攢[39m [2m/tag/1-3344/index.html[22m [2m(+11ms)[22m 
[2m20:37:03[22m   [34m鈹溾攢[39m [2m/tag/w6mo5cr4v2/index.html[22m [2m(+7ms)[22m 
[2m20:37:03[22m   [34m鈹溾攢[39m [2m/tag/w6mo5cr4v4/index.html[22m [2m(+14ms)[22m 
[2m20:37:03[22m   [34m鈹溾攢[39m [2m/tag/slitting-blades/index.html[22m [2m(+10ms)[22m 
[2m20:37:03[22m   [34m鈹溾攢[39m [2m/tag/m3/index.html[22m [2m(+10ms)[22m 
[2m20:37:03[22m   [34m鈹溾攢[39m [2m/tag/m35/index.html[22m [2m(+13ms)[22m 
[2m20:37:03[22m   [34m鈹溾攢[39m [2m/tag/m42/index.html[22m [2m(+19ms)[22m 
[2m20:37:03[22m   [34m鈹溾攢[39m [2m/tag/m50/index.html[22m [2m(+9ms)[22m 
[2m20:37:03[22m   [34m鈹溾攢[39m [2m/tag/blade-retirement/index.html[22m [2m(+10ms)[22m 
[2m20:37:03[22m   [34m鈹溾攢[39m [2m/tag/knife-replacement/index.html[22m [2m(+15ms)[22m 
[2m20:37:03[22m   [34m鈹溾攢[39m [2m/tag/blade-life/index.html[22m [2m(+13ms)[22m 
[2m20:37:03[22m   [34m鈹溾攢[39m [2m/tag/blade-refurbishment/index.html[22m [2m(+23ms)[22m 
[2m20:37:03[22m   [34m鈹溾攢[39m [2m/tag/end-of-life/index.html[22m [2m(+10ms)[22m 
[2m20:37:03[22m   [34m鈹溾攢[39m [2m/tag/preventive-maintenance/index.html[22m [2m(+11ms)[22m 
[2m20:37:03[22m   [34m鈹溾攢[39m [2m/tag/blade-sop/index.html[22m [2m(+10ms)[22m 
[2m20:37:03[22m   [34m鈹溾攢[39m [2m/tag/inspection-form/index.html[22m [2m(+16ms)[22m 
[2m20:37:04[22m   [34m鈹溾攢[39m [2m/tag/line-audit/index.html[22m [2m(+9ms)[22m 
[2m20:37:04[22m   [34m鈹溾攢[39m [2m/tag/knife-life/index.html[22m [2m(+17ms)[22m 
[2m20:37:04[22m   [34m鈹溾攢[39m [2m/tag/re-sharpening/index.html[22m [2m(+10ms)[22m 
[2m20:37:04[22m   [34m鈹溾攢[39m [2m/tag/re-grinding/index.html[22m [2m(+9ms)[22m 
[2m20:37:04[22m   [34m鈹溾攢[39m [2m/tag/knife-service/index.html[22m [2m(+11ms)[22m 
[2m20:37:04[22m   [34m鈹溾攢[39m [2m/tag/blade-service/index.html[22m [2m(+19ms)[22m 
[2m20:37:04[22m   [34m鈹溾攢[39m [2m/tag/outsource-re-grind/index.html[22m [2m(+9ms)[22m 
[2m20:37:04[22m   [34m鈹溾攢[39m [2m/tag/cbn-grinding/index.html[22m [2m(+16ms)[22m 
[2m20:37:04[22m   [34m鈹溾攢[39m [2m/tag/re-grinding-frequency/index.html[22m [2m(+9ms)[22m 
[2m20:37:04[22m   [34m鈹溾攢[39m [2m/tag/re-grind-interval/index.html[22m [2m(+13ms)[22m 
[2m20:37:04[22m   [34m鈹溾攢[39m [2m/tag/re-grind-cost/index.html[22m [2m(+9ms)[22m 
[2m20:37:04[22m   [34m鈹溾攢[39m [2m/tag/blade-economics/index.html[22m [2m(+15ms)[22m 
[2m20:37:04[22m   [34m鈹溾攢[39m [2m/tag/slitting-blade/index.html[22m [2m(+10ms)[22m 
[2m20:37:04[22m   [34m鈹溾攢[39m [2m/tag/blade-maintenance/index.html[22m [2m(+16ms)[22m 
[2m20:37:04[22m   [34m鈹溾攢[39m [2m/tag/knife-regrinding/index.html[22m [2m(+27ms)[22m 
[2m20:37:04[22m   [34m鈹溾攢[39m [2m/tag/edge-preparation/index.html[22m [2m(+15ms)[22m 
[2m20:37:04[22m   [34m鈹溾攢[39m [2m/tag/converting-line/index.html[22m [2m(+9ms)[22m 
[2m20:37:04[22m   [34m鈹溾攢[39m [2m/tag/blade-storage/index.html[22m [2m(+7ms)[22m 
[2m20:37:04[22m   [34m鈹溾攢[39m [2m/tag/knife-handling/index.html[22m [2m(+7ms)[22m 
[2m20:37:04[22m   [34m鈹溾攢[39m [2m/tag/tool-crib/index.html[22m [2m(+16ms)[22m 
[2m20:37:04[22m   [34m鈹溾攢[39m [2m/tag/rust-prevention/index.html[22m [2m(+13ms)[22m 
[2m20:37:04[22m   [34m鈹溾攢[39m [2m/tag/edge-protection/index.html[22m [2m(+10ms)[22m 
[2m20:37:04[22m   [34m鈹溾攢[39m [2m/tag/material-cross-reference/index.html[22m [2m(+11ms)[22m 
[2m20:37:04[22m   [34m鈹溾攢[39m [2m/tag/steel-grade-converter/index.html[22m [2m(+13ms)[22m 
[2m20:37:04[22m   [34m鈹溾攢[39m [2m/tag/aisi-d2/index.html[22m [2m(+9ms)[22m 
[2m20:37:04[22m   [34m鈹溾攢[39m [2m/tag/jis-skd11/index.html[22m [2m(+10ms)[22m 
[2m20:37:04[22m   [34m鈹溾攢[39m [2m/tag/din-1-2379/index.html[22m [2m(+9ms)[22m 
[2m20:37:04[22m   [34m鈹溾攢[39m [2m/tag/gb-cr12mo1v1/index.html[22m [2m(+23ms)[22m 
[2m20:37:04[22m   [34m鈹溾攢[39m [2m/tag/yg8/index.html[22m [2m(+8ms)[22m 
[2m20:37:04[22m   [34m鈹溾攢[39m [2m/tag/martensitic-stainless/index.html[22m [2m(+12ms)[22m 
[2m20:37:04[22m   [34m鈹溾攢[39m [2m/tag/1-4125/index.html[22m [2m(+7ms)[22m 
[2m20:37:04[22m   [34m鈹溾攢[39m [2m/tag/food-contact-blade/index.html[22m [2m(+13ms)[22m 
[2m20:37:04[22m   [34m鈹溾攢[39m [2m/tag/d2/index.html[22m [2m(+12ms)[22m 
[2m20:37:04[22m   [34m鈹溾攢[39m [2m/tag/high-speed-steel/index.html[22m [2m(+10ms)[22m 
[2m20:37:04[22m   [34m鈹溾攢[39m [2m/tag/jis/index.html[22m [2m(+12ms)[22m 
[2m20:37:04[22m   [34m鈹溾攢[39m [2m/tag/d2-equivalent/index.html[22m [2m(+9ms)[22m 
[2m20:37:04[22m   [34m鈹溾攢[39m [2m/tag/wc-co/index.html[22m [2m(+12ms)[22m 
[2m20:37:04[22m   [34m鈹溾攢[39m [2m/tag/cemented-carbide/index.html[22m [2m(+11ms)[22m 
[2m20:37:04[22m   [34m鈹溾攢[39m [2m/tag/o1/index.html[22m [2m(+9ms)[22m 
[2m20:37:04[22m   [34m鈹溾攢[39m [2m/tag/corrugated-slitting/index.html[22m [2m(+7ms)[22m 
[2m20:37:04[22m   [34m鈹溾攢[39m [2m/tag/slitter-scorer/index.html[22m [2m(+13ms)[22m 
[2m20:37:04[22m   [34m鈹溾攢[39m [2m/tag/corrugated-cardboard/index.html[22m [2m(+8ms)[22m 
[2m20:37:04[22m   [34m鈹溾攢[39m [2m/tag/tungsten-carbide-tipped/index.html[22m [2m(+9ms)[22m 
[2m20:37:04[22m   [34m鈹溾攢[39m [2m/tag/crusher-blade/index.html[22m [2m(+12ms)[22m 
[2m20:37:04[22m   [34m鈹溾攢[39m [2m/tag/recycling-rotor/index.html[22m [2m(+8ms)[22m 
[2m20:37:04[22m   [34m鈹溾攢[39m [2m/tag/asr/index.html[22m [2m(+14ms)[22m 
[2m20:37:04[22m   [34m鈹溾攢[39m [2m/tag/granulator-rotor/index.html[22m [2m(+8ms)[22m 
[2m20:37:04[22m   [34m鈹溾攢[39m [2m/tag/doctor-blade/index.html[22m [2m(+9ms)[22m 
[2m20:37:04[22m   [34m鈹溾攢[39m [2m/tag/flexo-printing/index.html[22m [2m(+8ms)[22m 
[2m20:37:04[22m   [34m鈹溾攢[39m [2m/tag/gravure-printing/index.html[22m [2m(+11ms)[22m 
[2m20:37:04[22m   [34m鈹溾攢[39m [2m/tag/coating-line/index.html[22m [2m(+8ms)[22m 
[2m20:37:04[22m   [34m鈹溾攢[39m [2m/tag/printing-blade/index.html[22m [2m(+8ms)[22m 
[2m20:37:04[22m   [34m鈹溾攢[39m [2m/tag/foam-cutting/index.html[22m [2m(+9ms)[22m 
[2m20:37:04[22m   [34m鈹溾攢[39m [2m/tag/rubber-cutting/index.html[22m [2m(+13ms)[22m 
[2m20:37:04[22m   [34m鈹溾攢[39m [2m/tag/epdm/index.html[22m [2m(+8ms)[22m 
[2m20:37:04[22m   [34m鈹溾攢[39m [2m/tag/silicone-rubber/index.html[22m [2m(+45ms)[22m 
[2m20:37:04[22m   [34m鈹溾攢[39m [2m/tag/polyurethane-foam/index.html[22m [2m(+8ms)[22m 
[2m20:37:04[22m   [34m鈹溾攢[39m [2m/tag/granulator-knife/index.html[22m [2m(+13ms)[22m 
[2m20:37:04[22m   [34m鈹溾攢[39m [2m/tag/plastics-recycling/index.html[22m [2m(+12ms)[22m 
[2m20:37:04[22m   [34m鈹溾攢[39m [2m/tag/paper-slitting/index.html[22m [2m(+14ms)[22m 
[2m20:37:04[22m   [34m鈹溾攢[39m [2m/tag/paper-converting/index.html[22m [2m(+11ms)[22m 
[2m20:37:04[22m   [34m鈹溾攢[39m [2m/tag/plate-steel/index.html[22m [2m(+9ms)[22m 
[2m20:37:04[22m   [34m鈹溾攢[39m [2m/tag/swing-beam-shear/index.html[22m [2m(+15ms)[22m 
[2m20:37:04[22m   [34m鈹溾攢[39m [2m/tag/guillotine-shear/index.html[22m [2m(+8ms)[22m 
[2m20:37:04[22m   [34m鈹溾攢[39m [2m/tag/carbide-shear/index.html[22m [2m(+24ms)[22m 
[2m20:37:04[22m   [34m鈹溾攢[39m [2m/tag/stainless-steel-cutting/index.html[22m [2m(+12ms)[22m 
[2m20:37:04[22m   [34m鈹溾攢[39m [2m/tag/316-stainless/index.html[22m [2m(+9ms)[22m 
[2m20:37:04[22m   [34m鈹溾攢[39m [2m/tag/430-stainless/index.html[22m [2m(+10ms)[22m 
[2m20:37:04[22m   [34m鈹溾攢[39m [2m/tag/work-hardening/index.html[22m [2m(+9ms)[22m 
[2m20:37:04[22m   [34m鈹溾攢[39m [2m/tag/shear-blades/index.html[22m [2m(+8ms)[22m 
[2m20:37:04[22m   [34m鈹溾攢[39m [2m/tag/slitter-blades/index.html[22m [2m(+11ms)[22m 
[2m20:37:04[22m   [34m鈹溾攢[39m [2m/tag/t1/index.html[22m [2m(+9ms)[22m 
[2m20:37:04[22m   [34m鈹溾攢[39m [2m/tag/t15/index.html[22m [2m(+10ms)[22m 
[2m20:37:04[22m   [34m鈹溾攢[39m [2m/tag/burr-growth/index.html[22m [2m(+15ms)[22m 
[2m20:37:04[22m   [34m鈹溾攢[39m [2m/tag/slitter-troubleshooting/index.html[22m [2m(+11ms)[22m 
[2m20:37:04[22m   [34m鈹溾攢[39m [2m/tag/blade-wear/index.html[22m [2m(+17ms)[22m 
[2m20:37:04[22m   [34m鈹溾攢[39m [2m/tag/hone-growth/index.html[22m [2m(+9ms)[22m 
[2m20:37:04[22m   [34m鈹溾攢[39m [2m/tag/substrate-variation/index.html[22m [2m(+16ms)[22m 
[2m20:37:04[22m   [34m鈹溾攢[39m [2m/tag/edge-chipping/index.html[22m [2m(+9ms)[22m 
[2m20:37:04[22m   [34m鈹溾攢[39m [2m/tag/paper-slitter/index.html[22m [2m(+21ms)[22m 
[2m20:37:04[22m   [34m鈹溾攢[39m [2m/tag/blade-failure/index.html[22m [2m(+12ms)[22m 
[2m20:37:04[22m   [34m鈹溾攢[39m [2m/tag/diagnosis/index.html[22m [2m(+9ms)[22m 
[2m20:37:04[22m   [34m鈹溾攢[39m [2m/tag/troubleshooting/index.html[22m [2m(+13ms)[22m 
[2m20:37:05[22m   [34m鈹溾攢[39m [2m/tag/premature-blade-wear/index.html[22m [2m(+9ms)[22m 
[2m20:37:05[22m   [34m鈹溾攢[39m [2m/tag/heat-treat/index.html[22m [2m(+14ms)[22m 
[2m20:37:05[22m   [34m鈹溾攢[39m [2m/tag/regrind/index.html[22m [2m(+9ms)[22m 
[2m20:37:05[22m   [34m鈹溾攢[39m [2m/tag/shear-blade-cracking/index.html[22m [2m(+12ms)[22m 
[2m20:37:05[22m   [34m鈹溾攢[39m [2m/tag/plate-shear/index.html[22m [2m(+12ms)[22m 
[2m20:37:05[22m   [34m鈹溾攢[39m [2m/tag/guillotine/index.html[22m [2m(+11ms)[22m 
[2m20:37:05[22m   [34m鈹溾攢[39m [2m/tag/chamfer/index.html[22m [2m(+19ms)[22m 
[2m20:37:05[22m   [34m鈹溾攢[39m [2m/tag/blade-gap/index.html[22m [2m(+11ms)[22m 
[2m20:37:05[22m   [34m鈹溾攢[39m [2m/tag/thermal-damage/index.html[22m [2m(+14ms)[22m 
[2m20:37:05[22m   [34m鈹溾攢[39m [2m/tag/blueing/index.html[22m [2m(+8ms)[22m 
[2m20:37:05[22m   [34m鈹溾攢[39m [2m/tag/edge-overheating/index.html[22m [2m(+15ms)[22m 
[2m20:37:05[22m   [34m鈹溾攢[39m [2m/tag/tissue-slitter/index.html[22m [2m(+8ms)[22m 
[2m20:37:05[22m   [34m鈹溾攢[39m [2m/tag/high-speed-cutting/index.html[22m [2m(+18ms)[22m 
[2m20:37:05[22m   [34m鈹溾攢[39m [2m/tag/cooling/index.html[22m [2m(+10ms)[22m 
[2m20:37:05[22m   [34m鈹溾攢[39m [2m/tag/yg10/index.html[22m [2m(+9ms)[22m 
[2m20:37:05[22m   [34m鈹溾攢[39m [2m/tag/yg6/index.html[22m [2m(+8ms)[22m 
[2m20:37:05[22m   [34m鈹溾攢[39m [2m/tag/k20/index.html[22m [2m(+10ms)[22m 
[2m20:37:05[22m   [34m鈹溾攢[39m [2m/tag/k30/index.html[22m [2m(+11ms)[22m 
[2m20:37:05[22m   [34m鈹溾攢[39m [2m/tag/iso-513/index.html[22m [2m(+20ms)[22m 
[2m20:37:05[22m   [34m鈹溾攢[39m [2m/tag/granulator-knives/index.html[22m [2m(+13ms)[22m 
[2m20:37:05[22m   [34m鈹溾攢[39m [2m/tag/blade-selection/index.html[22m [2m(+9ms)[22m 
[2m20:37:05[22m   [34m鈹溾攢[39m [2m/tag/process-engineering/index.html[22m [2m(+10ms)[22m 
[2m20:37:05[22m   [34m鈹溾攢[39m [2m/blog/index.html[22m [2m(+13ms)[22m 
[2m20:37:05[22m   [34m鈹溾攢[39m [2m/blog/2/index.html[22m [2m(+13ms)[22m 
[2m20:37:05[22m   [34m鈹溾攢[39m [2m/blog/3/index.html[22m [2m(+12ms)[22m 
[2m20:37:05[22m   [34m鈹溾攢[39m [2m/blog/4/index.html[22m [2m(+15ms)[22m 
[2m20:37:05[22m   [34m鈹溾攢[39m [2m/blog/5/index.html[22m [2m(+11ms)[22m 
[2m20:37:05[22m   [34m鈹溾攢[39m [2m/blog/6/index.html[22m [2m(+25ms)[22m 
[2m20:37:05[22m   [34m鈹溾攢[39m [2m/blog/7/index.html[22m [2m(+9ms)[22m 
[2m20:37:05[22m   [34m鈹溾攢[39m [2m/blog/8/index.html[22m [2m(+16ms)[22m 
[2m20:37:05[22m   [34m鈹溾攢[39m [2m/blog/9/index.html[22m [2m(+10ms)[22m 
[2m20:37:05[22m   [34m鈹溾攢[39m [2m/blog/10/index.html[22m [2m(+10ms)[22m 
[2m20:37:05[22m   [34m鈹溾攢[39m [2m/blog/11/index.html[22m [2m(+11ms)[22m 
[2m20:37:05[22m   [34m鈹溾攢[39m [2m/blog/12/index.html[22m [2m(+10ms)[22m 
[2m20:37:05[22m   [34m鈹溾攢[39m [2m/blog/13/index.html[22m [2m(+14ms)[22m 
[2m20:37:05[22m   [34m鈹溾攢[39m [2m/blog/14/index.html[22m [2m(+10ms)[22m 
[2m20:37:05[22m   [34m鈹溾攢[39m [2m/blog/15/index.html[22m [2m(+9ms)[22m 
[2m20:37:05[22m   [34m鈹溾攢[39m [2m/blog/16/index.html[22m [2m(+17ms)[22m 
[2m20:37:05[22m   [34m鈹溾攢[39m [2m/blog/17/index.html[22m [2m(+9ms)[22m 
[2m20:37:05[22m   [34m鈹溾攢[39m [2m/blog/18/index.html[22m [2m(+12ms)[22m 
[2m20:37:05[22m   [34m鈹溾攢[39m [2m/blog/19/index.html[22m [2m(+9ms)[22m 
[2m20:37:05[22m   [34m鈹溾攢[39m [2m/index.html[22m [2m(+41ms)[22m 
[2m20:37:05[22m   [34m鈹溾攢[39m [2m/17-4ph/index.html[22m [2m(+17ms)[22m 
[2m20:37:05[22m   [34m鈹溾攢[39m [2m/420/index.html[22m [2m(+28ms)[22m 
[2m20:37:05[22m   [34m鈹溾攢[39m [2m/440a/index.html[22m [2m(+11ms)[22m 
[2m20:37:05[22m   [34m鈹溾攢[39m [2m/440b/index.html[22m [2m(+15ms)[22m 
[2m20:37:05[22m   [34m鈹溾攢[39m [2m/6crw2si/index.html[22m [2m(+10ms)[22m 
[2m20:37:05[22m   [34m鈹溾攢[39m [2m/9cr18mov-vs-440c/index.html[22m [2m(+37ms)[22m 
[2m20:37:05[22m   [34m鈹溾攢[39m [2m/a2/index.html[22m [2m(+12ms)[22m 
[2m20:37:05[22m   [34m鈹溾攢[39m [2m/a6/index.html[22m [2m(+15ms)[22m 
[2m20:37:05[22m   [34m鈹溾攢[39m [2m/a8/index.html[22m [2m(+11ms)[22m 
[2m20:37:05[22m   [34m鈹溾攢[39m [2m/asp2060/index.html[22m [2m(+38ms)[22m 
[2m20:37:05[22m   [34m鈹溾攢[39m [2m/case-study-aluminum-foil-slitter/index.html[22m [2m(+12ms)[22m 
[2m20:37:05[22m   [34m鈹溾攢[39m [2m/case-study-circular-blades-poland/index.html[22m [2m(+46ms)[22m 
[2m20:37:05[22m   [34m鈹溾攢[39m [2m/case-study-granulator-rotor-automotive/index.html[22m [2m(+26ms)[22m 
[2m20:37:05[22m   [34m鈹溾攢[39m [2m/case-study-pharma-blade-stainless/index.html[22m [2m(+27ms)[22m 
[2m20:37:05[22m   [34m鈹溾攢[39m [2m/case-study-shear-stainless-turkey/index.html[22m [2m(+26ms)[22m 
[2m20:37:05[22m   [34m鈹溾攢[39m [2m/case-study-textile-nonwoven-slitter/index.html[22m [2m(+38ms)[22m 
[2m20:37:05[22m   [34m鈹溾攢[39m [2m/coatings-comparison/index.html[22m [2m(+30ms)[22m 
[2m20:37:05[22m   [34m鈹溾攢[39m [2m/d2-vs-skd11/index.html[22m [2m(+17ms)[22m 
[2m20:37:05[22m   [34m鈹溾攢[39m [2m/d3/index.html[22m [2m(+13ms)[22m 
[2m20:37:05[22m   [34m鈹溾攢[39m [2m/d4/index.html[22m [2m(+21ms)[22m 
[2m20:37:05[22m   [34m鈹溾攢[39m [2m/d5/index.html[22m [2m(+11ms)[22m 
[2m20:37:06[22m   [34m鈹溾攢[39m [2m/d7/index.html[22m [2m(+13ms)[22m 
[2m20:37:06[22m   [34m鈹溾攢[39m [2m/dc53/index.html[22m [2m(+11ms)[22m 
[2m20:37:06[22m   [34m鈹溾攢[39m [2m/glossary-abrasive-wear/index.html[22m [2m(+17ms)[22m 
[2m20:37:06[22m   [34m鈹溾攢[39m [2m/glossary-adhesive-wear/index.html[22m [2m(+15ms)[22m 
[2m20:37:06[22m   [34m鈹溾攢[39m [2m/glossary-alcrn-coating/index.html[22m [2m(+33ms)[22m 
[2m20:37:06[22m   [34m鈹溾攢[39m [2m/glossary-built-up-edge/index.html[22m [2m(+12ms)[22m 
[2m20:37:06[22m   [34m鈹溾攢[39m [2m/glossary-burr/index.html[22m [2m(+18ms)[22m 
[2m20:37:06[22m   [34m鈹溾攢[39m [2m/glossary-chipping/index.html[22m [2m(+14ms)[22m 
[2m20:37:06[22m   [34m鈹溾攢[39m [2m/glossary-clearance-angle/index.html[22m [2m(+17ms)[22m 
[2m20:37:06[22m   [34m鈹溾攢[39m [2m/glossary-crn-coating/index.html[22m [2m(+10ms)[22m 
[2m20:37:06[22m   [34m鈹溾攢[39m [2m/glossary-dead-zone/index.html[22m [2m(+16ms)[22m 
[2m20:37:06[22m   [34m鈹溾攢[39m [2m/glossary-dlc-coating/index.html[22m [2m(+29ms)[22m 
[2m20:37:06[22m   [34m鈹溾攢[39m [2m/glossary-dressing/index.html[22m [2m(+8ms)[22m 
[2m20:37:06[22m   [34m鈹溾攢[39m [2m/glossary-edge-rollover/index.html[22m [2m(+12ms)[22m 
[2m20:37:06[22m   [34m鈹溾攢[39m [2m/glossary-fatigue-wear/index.html[22m [2m(+18ms)[22m 
[2m20:37:06[22m   [34m鈹溾攢[39m [2m/glossary-flatness/index.html[22m [2m(+19ms)[22m 
[2m20:37:06[22m   [34m鈹溾攢[39m [2m/glossary-galling/index.html[22m [2m(+19ms)[22m 
[2m20:37:06[22m   [34m鈹溾攢[39m [2m/glossary-grit-size/index.html[22m [2m(+19ms)[22m 
[2m20:37:06[22m   [34m鈹溾攢[39m [2m/glossary-gross-fracture/index.html[22m [2m(+12ms)[22m 
[2m20:37:06[22m   [34m鈹溾攢[39m [2m/glossary-hardness-file-test/index.html[22m [2m(+26ms)[22m 
[2m20:37:06[22m   [34m鈹溾攢[39m [2m/glossary-hone/index.html[22m [2m(+24ms)[22m 
[2m20:37:06[22m   [34m鈹溾攢[39m [2m/glossary-infeed/index.html[22m [2m(+12ms)[22m 
[2m20:37:06[22m   [34m鈹溾攢[39m [2m/glossary-kerf/index.html[22m [2m(+18ms)[22m 
[2m20:37:06[22m   [34m鈹溾攢[39m [2m/glossary-kerf-clearance/index.html[22m [2m(+22ms)[22m 
[2m20:37:06[22m   [34m鈹溾攢[39m [2m/glossary-land/index.html[22m [2m(+18ms)[22m 
[2m20:37:06[22m   [34m鈹溾攢[39m [2m/glossary-lip-angle/index.html[22m [2m(+17ms)[22m 
[2m20:37:06[22m   [34m鈹溾攢[39m [2m/glossary-micro-chipping/index.html[22m [2m(+14ms)[22m 
[2m20:37:06[22m   [34m鈹溾攢[39m [2m/glossary-nose-radius/index.html[22m [2m(+13ms)[22m 
[2m20:37:06[22m   [34m鈹溾攢[39m [2m/glossary-parallelism/index.html[22m [2m(+15ms)[22m 
[2m20:37:06[22m   [34m鈹溾攢[39m [2m/glossary-point-angle/index.html[22m [2m(+11ms)[22m 
[2m20:37:06[22m   [34m鈹溾攢[39m [2m/glossary-primary-bevel/index.html[22m [2m(+36ms)[22m 
[2m20:37:06[22m   [34m鈹溾攢[39m [2m/glossary-pvd-coating/index.html[22m [2m(+21ms)[22m 
[2m20:37:06[22m   [34m鈹溾攢[39m [2m/glossary-rake-angle/index.html[22m [2m(+38ms)[22m 
[2m20:37:06[22m   [34m鈹溾攢[39m [2m/glossary-relief/index.html[22m [2m(+28ms)[22m 
[2m20:37:06[22m   [34m鈹溾攢[39m [2m/glossary-runout/index.html[22m [2m(+23ms)[22m 
[2m20:37:06[22m   [34m鈹溾攢[39m [2m/glossary-secondary-bevel/index.html[22m [2m(+16ms)[22m 
[2m20:37:06[22m   [34m鈹溾攢[39m [2m/glossary-side-clearance/index.html[22m [2m(+36ms)[22m 
[2m20:37:06[22m   [34m鈹溾攢[39m [2m/glossary-spark-out/index.html[22m [2m(+31ms)[22m 
[2m20:37:06[22m   [34m鈹溾攢[39m [2m/glossary-surface-roughness/index.html[22m [2m(+13ms)[22m 
[2m20:37:06[22m   [34m鈹溾攢[39m [2m/glossary-swarf/index.html[22m [2m(+21ms)[22m 
[2m20:37:06[22m   [34m鈹溾攢[39m [2m/glossary-ta-c-coating/index.html[22m [2m(+12ms)[22m 
[2m20:37:06[22m   [34m鈹溾攢[39m [2m/glossary-thermal-fatigue/index.html[22m [2m(+16ms)[22m 
[2m20:37:06[22m   [34m鈹溾攢[39m [2m/glossary-tialn-coating/index.html[22m [2m(+21ms)[22m 
[2m20:37:06[22m   [34m鈹溾攢[39m [2m/glossary-ticn-coating/index.html[22m [2m(+12ms)[22m 
[2m20:37:06[22m   [34m鈹溾攢[39m [2m/glossary-tin-coating/index.html[22m [2m(+14ms)[22m 
[2m20:37:06[22m   [34m鈹溾攢[39m [2m/glossary-wedge-angle/index.html[22m [2m(+15ms)[22m 
[2m20:37:06[22m   [34m鈹溾攢[39m [2m/glossary-wire-edge/index.html[22m [2m(+10ms)[22m 
[2m20:37:06[22m   [34m鈹溾攢[39m [2m/h11/index.html[22m [2m(+15ms)[22m 
[2m20:37:06[22m   [34m鈹溾攢[39m [2m/h13/index.html[22m [2m(+13ms)[22m 
[2m20:37:06[22m   [34m鈹溾攢[39m [2m/hss-vs-carbide/index.html[22m [2m(+13ms)[22m 
[2m20:37:06[22m   [34m鈹溾攢[39m [2m/m1/index.html[22m [2m(+12ms)[22m 
[2m20:37:06[22m   [34m鈹溾攢[39m [2m/m2-vs-m4-hss/index.html[22m [2m(+11ms)[22m 
[2m20:37:06[22m   [34m鈹溾攢[39m [2m/m3/index.html[22m [2m(+12ms)[22m 
[2m20:37:06[22m   [34m鈹溾攢[39m [2m/m35/index.html[22m [2m(+18ms)[22m 
[2m20:37:06[22m   [34m鈹溾攢[39m [2m/m42/index.html[22m [2m(+11ms)[22m 
[2m20:37:06[22m   [34m鈹溾攢[39m [2m/m50/index.html[22m [2m(+16ms)[22m 
[2m20:37:07[22m   [34m鈹溾攢[39m [2m/maintenance-end-of-life-replacement/index.html[22m [2m(+11ms)[22m 
[2m20:37:07[22m   [34m鈹溾攢[39m [2m/maintenance-preventive-schedule/index.html[22m [2m(+17ms)[22m 
[2m20:37:07[22m   [34m鈹溾攢[39m [2m/maintenance-resharpening-service/index.html[22m [2m(+27ms)[22m 
[2m20:37:07[22m   [34m鈹溾攢[39m [2m/maintenance-sharpening-frequency/index.html[22m [2m(+20ms)[22m 
[2m20:37:07[22m   [34m鈹溾攢[39m [2m/maintenance-slitting-blade-life/index.html[22m [2m(+11ms)[22m 
[2m20:37:07[22m   [34m鈹溾攢[39m [2m/maintenance-storage-handling/index.html[22m [2m(+14ms)[22m 
[2m20:37:07[22m   [34m鈹溾攢[39m [2m/material-grade-converter/index.html[22m [2m(+10ms)[22m 
[2m20:37:07[22m   [34m鈹溾攢[39m [2m/materials-encyclopedia-440c/index.html[22m [2m(+13ms)[22m 
[2m20:37:07[22m   [34m鈹溾攢[39m [2m/materials-encyclopedia-d2/index.html[22m [2m(+11ms)[22m 
[2m20:37:07[22m   [34m鈹溾攢[39m [2m/materials-encyclopedia-m2-hss/index.html[22m [2m(+24ms)[22m 
[2m20:37:07[22m   [34m鈹溾攢[39m [2m/materials-encyclopedia-skd11/index.html[22m [2m(+11ms)[22m 
[2m20:37:07[22m   [34m鈹溾攢[39m [2m/materials-encyclopedia-tungsten-carbide/index.html[22m [2m(+13ms)[22m 
[2m20:37:07[22m   [34m鈹溾攢[39m [2m/o1/index.html[22m [2m(+11ms)[22m 
[2m20:37:07[22m   [34m鈹溾攢[39m [2m/selection-guide-corrugated-slitter/index.html[22m [2m(+12ms)[22m 
[2m20:37:07[22m   [34m鈹溾攢[39m [2m/selection-guide-crusher-blade/index.html[22m [2m(+14ms)[22m 
[2m20:37:07[22m   [34m鈹溾攢[39m [2m/selection-guide-doctor-blade-printing/index.html[22m [2m(+14ms)[22m 
[2m20:37:07[22m   [34m鈹溾攢[39m [2m/selection-guide-foam-rubber-cutting/index.html[22m [2m(+21ms)[22m 
[2m20:37:07[22m   [34m鈹溾攢[39m [2m/selection-guide-granulator-knife/index.html[22m [2m(+18ms)[22m 
[2m20:37:07[22m   [34m鈹溾攢[39m [2m/selection-guide-paper-converting/index.html[22m [2m(+13ms)[22m 
[2m20:37:07[22m   [34m鈹溾攢[39m [2m/selection-guide-shear-blade-plate-steel/index.html[22m [2m(+20ms)[22m 
[2m20:37:07[22m   [34m鈹溾攢[39m [2m/selection-guide-stainless-steel/index.html[22m [2m(+11ms)[22m 
[2m20:37:07[22m   [34m鈹溾攢[39m [2m/t1/index.html[22m [2m(+17ms)[22m 
[2m20:37:07[22m   [34m鈹溾攢[39m [2m/t15/index.html[22m [2m(+14ms)[22m 
[2m20:37:07[22m   [34m鈹溾攢[39m [2m/troubleshooting-burr-growth/index.html[22m [2m(+12ms)[22m 
[2m20:37:07[22m   [34m鈹溾攢[39m [2m/troubleshooting-edge-chipping-paper-slitter/index.html[22m [2m(+17ms)[22m 
[2m20:37:07[22m   [34m鈹溾攢[39m [2m/troubleshooting-premature-wear/index.html[22m [2m(+10ms)[22m 
[2m20:37:07[22m   [34m鈹溾攢[39m [2m/troubleshooting-shear-blade-cracking/index.html[22m [2m(+18ms)[22m 
[2m20:37:07[22m   [34m鈹溾攢[39m [2m/troubleshooting-thermal-damage/index.html[22m [2m(+13ms)[22m 
[2m20:37:07[22m   [34m鈹溾攢[39m [2m/yg10/index.html[22m [2m(+13ms)[22m 
[2m20:37:07[22m   [34m鈹溾攢[39m [2m/yg15/index.html[22m [2m(+23ms)[22m 
[2m20:37:07[22m   [34m鈹溾攢[39m [2m/yg6/index.html[22m [2m(+11ms)[22m 
[2m20:37:07[22m   [34m鈹溾攢[39m [2m/yg6x-vs-yg8-carbide/index.html[22m [2m(+17ms)[22m 
[2m20:37:07[22m   [34m鈹溾攢[39m [2m/kaipu-5-factor-blade-selection-framework/index.html[22m [2m(+12ms)[22m 
[2m20:37:07[22m [32m鉁?Completed in 7.83s.
[39m
[2m20:37:07[22m [34m[build][39m [32m鉁?Completed in 12.34s.[39m
[2m20:37:07[22m [34m[@astrojs/sitemap][39m `sitemap-index.xml` created at `dist`
[2m20:37:48[22m [34m[build][39m Waiting for integration [1m"astro-compress"[22m, hook [1m"astro:build:done"[22m...
鉁撯€丼uccessfully compressed a total of 455 HTML files for 667.68 KB.
鉁撯€丼uccessfully compressed a total of 1 JavaScript file for 20 Bytes.
[2m20:37:49[22m [34m[astrowind][39m Updating `robots.txt` with `sitemap-index.xml` ...
[2m20:37:49[22m [34m[build][39m 457 page(s) built in [1m55.99s[22m
[2m20:37:49[22m [34m[build][39m [1mComplete![22m
[ELIFECYCLE] Command failed with exit code 3221225794.
ResourceUnavailable: C:\Users\User\AppData\Roaming\npm\pnpm.ps1:24:5
Line |
  24 |      & "node$exe"  "$basedir/node_modules/pnpm/bin/pnpm.mjs" $args
     |      ~~~~~~~~~~~~~~~~~~~~~~~~~~~~~~~~~~~~~~~~~~~~~~~~~~~~~~~~~~~~~
     | 设置控制台窗口标题时发生 Win32 内部错误 "管道的另一端上无任何进程。" 0xE9。请与 Microsoft 客户支持服务部门联系。

